Using device: cuda
GPU: NVIDIA GeForce RTX 4090
Loaded dataset: 452 images
Loaded dataset: 97 images
Loaded dataset: 98 images
Train samples: 452
Val samples: 97
Test samples: 98

Epoch 1/1:   0%|          | 0/113 [00:00<?, ?it/s]
Epoch 1/1:   0%|          | 0/113 [00:00<?, ?it/s, loss=1.5920]
Epoch 1/1:   1%|          | 1/113 [00:00<01:40,  1.11it/s, loss=1.5920]
Epoch 1/1:   1%|          | 1/113 [00:00<01:40,  1.11it/s, loss=1.6830]
Epoch 1/1:   1%|          | 1/113 [00:00<01:40,  1.11it/s, loss=1.6680]
Epoch 1/1:   1%|          | 1/113 [00:01<01:40,  1.11it/s, loss=1.5208]
Epoch 1/1:   4%|▎         | 4/113 [00:01<00:21,  5.00it/s, loss=1.5208]
Epoch 1/1:   4%|▎         | 4/113 [00:01<00:21,  5.00it/s, loss=1.5276]
Epoch 1/1:   4%|▎         | 4/113 [00:01<00:21,  5.00it/s, loss=1.4215]
Epoch 1/1:   4%|▎         | 4/113 [00:01<00:21,  5.00it/s, loss=1.5187]
Epoch 1/1:   6%|▌         | 7/113 [00:01<00:11,  8.95it/s, loss=1.5187]
Epoch 1/1:   6%|▌         | 7/113 [00:01<00:11,  8.95it/s, loss=1.5209]
Epoch 1/1:   6%|▌         | 7/113 [00:01<00:11,  8.95it/s, loss=1.5340]
Epoch 1/1:   6%|▌         | 7/113 [00:01<00:11,  8.95it/s, loss=1.5011]
Epoch 1/1:   9%|▉         | 10/113 [00:01<00:08, 12.69it/s, loss=1.5011]
Epoch 1/1:   9%|▉         | 10/113 [00:01<00:08, 12.69it/s, loss=1.5175]
Epoch 1/1:   9%|▉         | 10/113 [00:01<00:08, 12.69it/s, loss=1.6311]
Epoch 1/1:   9%|▉         | 10/113 [00:01<00:08, 12.69it/s, loss=1.4362]
Epoch 1/1:  12%|█▏        | 13/113 [00:01<00:06, 16.04it/s, loss=1.4362]
Epoch 1/1:  12%|█▏        | 13/113 [00:01<00:06, 16.04it/s, loss=1.4675]
Epoch 1/1:  12%|█▏        | 13/113 [00:01<00:06, 16.04it/s, loss=1.4537]
Epoch 1/1:  12%|█▏        | 13/113 [00:01<00:06, 16.04it/s, loss=1.3010]
Epoch 1/1:  14%|█▍        | 16/113 [00:01<00:05, 18.85it/s, loss=1.3010]
Epoch 1/1:  14%|█▍        | 16/113 [00:01<00:05, 18.85it/s, loss=1.5089]
Epoch 1/1:  14%|█▍        | 16/113 [00:01<00:05, 18.85it/s, loss=1.5644]
Epoch 1/1:  14%|█▍        | 16/113 [00:01<00:05, 18.85it/s, loss=1.3416]
Epoch 1/1:  17%|█▋        | 19/113 [00:01<00:04, 20.97it/s, loss=1.3416]
Epoch 1/1:  17%|█▋        | 19/113 [00:01<00:04, 20.97it/s, loss=1.3596]
Epoch 1/1:  17%|█▋        | 19/113 [00:01<00:04, 20.97it/s, loss=1.3281]
Epoch 1/1:  17%|█▋        | 19/113 [00:01<00:04, 20.97it/s, loss=1.3880]
Epoch 1/1:  19%|█▉        | 22/113 [00:01<00:03, 22.84it/s, loss=1.3880]
Epoch 1/1:  19%|█▉        | 22/113 [00:01<00:03, 22.84it/s, loss=1.5034]
Epoch 1/1:  19%|█▉        | 22/113 [00:01<00:03, 22.84it/s, loss=1.5830]
Epoch 1/1:  19%|█▉        | 22/113 [00:01<00:03, 22.84it/s, loss=1.4695]
Epoch 1/1:  22%|██▏       | 25/113 [00:01<00:03, 24.13it/s, loss=1.4695]
Epoch 1/1:  22%|██▏       | 25/113 [00:01<00:03, 24.13it/s, loss=1.3718]
Epoch 1/1:  22%|██▏       | 25/113 [00:01<00:03, 24.13it/s, loss=1.5332]
Epoch 1/1:  22%|██▏       | 25/113 [00:01<00:03, 24.13it/s, loss=1.2133]
Epoch 1/1:  25%|██▍       | 28/113 [00:01<00:03, 24.63it/s, loss=1.2133]
Epoch 1/1:  25%|██▍       | 28/113 [00:01<00:03, 24.63it/s, loss=1.3165]
Epoch 1/1:  25%|██▍       | 28/113 [00:01<00:03, 24.63it/s, loss=1.3547]
Epoch 1/1:  25%|██▍       | 28/113 [00:01<00:03, 24.63it/s, loss=1.4033]
Epoch 1/1:  27%|██▋       | 31/113 [00:01<00:03, 25.16it/s, loss=1.4033]
Epoch 1/1:  27%|██▋       | 31/113 [00:02<00:03, 25.16it/s, loss=1.4344]
Epoch 1/1:  27%|██▋       | 31/113 [00:02<00:03, 25.16it/s, loss=1.3539]
Epoch 1/1:  27%|██▋       | 31/113 [00:02<00:03, 25.16it/s, loss=1.3375]
Epoch 1/1:  30%|███       | 34/113 [00:02<00:03, 25.20it/s, loss=1.3375]
Epoch 1/1:  30%|███       | 34/113 [00:02<00:03, 25.20it/s, loss=1.2551]
Epoch 1/1:  30%|███       | 34/113 [00:02<00:03, 25.20it/s, loss=1.3062]
Epoch 1/1:  30%|███       | 34/113 [00:02<00:03, 25.20it/s, loss=1.2030]
Epoch 1/1:  33%|███▎      | 37/113 [00:02<00:03, 25.10it/s, loss=1.2030]
Epoch 1/1:  33%|███▎      | 37/113 [00:02<00:03, 25.10it/s, loss=1.2868]
Epoch 1/1:  33%|███▎      | 37/113 [00:02<00:03, 25.10it/s, loss=1.2785]
Epoch 1/1:  33%|███▎      | 37/113 [00:02<00:03, 25.10it/s, loss=1.2376]
Epoch 1/1:  35%|███▌      | 40/113 [00:02<00:02, 25.54it/s, loss=1.2376]
Epoch 1/1:  35%|███▌      | 40/113 [00:02<00:02, 25.54it/s, loss=1.2486]
Epoch 1/1:  35%|███▌      | 40/113 [00:02<00:02, 25.54it/s, loss=1.1316]
Epoch 1/1:  35%|███▌      | 40/113 [00:02<00:02, 25.54it/s, loss=1.3004]
Epoch 1/1:  38%|███▊      | 43/113 [00:02<00:02, 26.18it/s, loss=1.3004]
Epoch 1/1:  38%|███▊      | 43/113 [00:02<00:02, 26.18it/s, loss=1.2175]
Epoch 1/1:  38%|███▊      | 43/113 [00:02<00:02, 26.18it/s, loss=1.2109]
Epoch 1/1:  38%|███▊      | 43/113 [00:02<00:02, 26.18it/s, loss=1.1985]
Epoch 1/1:  41%|████      | 46/113 [00:02<00:02, 26.53it/s, loss=1.1985]
Epoch 1/1:  41%|████      | 46/113 [00:02<00:02, 26.53it/s, loss=1.4133]
Epoch 1/1:  41%|████      | 46/113 [00:02<00:02, 26.53it/s, loss=1.1881]
Epoch 1/1:  41%|████      | 46/113 [00:02<00:02, 26.53it/s, loss=1.2079]
Epoch 1/1:  43%|████▎     | 49/113 [00:02<00:02, 26.69it/s, loss=1.2079]
Epoch 1/1:  43%|████▎     | 49/113 [00:02<00:02, 26.69it/s, loss=1.2574]
Epoch 1/1:  43%|████▎     | 49/113 [00:02<00:02, 26.69it/s, loss=1.2391]
Epoch 1/1:  43%|████▎     | 49/113 [00:02<00:02, 26.69it/s, loss=1.1555]
Epoch 1/1:  46%|████▌     | 52/113 [00:02<00:02, 26.89it/s, loss=1.1555]
Epoch 1/1:  46%|████▌     | 52/113 [00:02<00:02, 26.89it/s, loss=1.2945]
Epoch 1/1:  46%|████▌     | 52/113 [00:02<00:02, 26.89it/s, loss=1.2836]
Epoch 1/1:  46%|████▌     | 52/113 [00:02<00:02, 26.89it/s, loss=1.1771]
Epoch 1/1:  49%|████▊     | 55/113 [00:02<00:02, 27.21it/s, loss=1.1771]
Epoch 1/1:  49%|████▊     | 55/113 [00:02<00:02, 27.21it/s, loss=1.4018]
Epoch 1/1:  49%|████▊     | 55/113 [00:02<00:02, 27.21it/s, loss=1.1385]
Epoch 1/1:  49%|████▊     | 55/113 [00:03<00:02, 27.21it/s, loss=1.1963]
Epoch 1/1:  51%|█████▏    | 58/113 [00:03<00:02, 26.91it/s, loss=1.1963]
Epoch 1/1:  51%|█████▏    | 58/113 [00:03<00:02, 26.91it/s, loss=1.4782]
Epoch 1/1:  51%|█████▏    | 58/113 [00:03<00:02, 26.91it/s, loss=1.0635]
Epoch 1/1:  51%|█████▏    | 58/113 [00:03<00:02, 26.91it/s, loss=1.2736]
Epoch 1/1:  54%|█████▍    | 61/113 [00:03<00:01, 27.15it/s, loss=1.2736]
Epoch 1/1:  54%|█████▍    | 61/113 [00:03<00:01, 27.15it/s, loss=1.2343]
Epoch 1/1:  54%|█████▍    | 61/113 [00:03<00:01, 27.15it/s, loss=1.2390]
Epoch 1/1:  54%|█████▍    | 61/113 [00:03<00:01, 27.15it/s, loss=1.3525]
Epoch 1/1:  57%|█████▋    | 64/113 [00:03<00:01, 27.44it/s, loss=1.3525]
Epoch 1/1:  57%|█████▋    | 64/113 [00:03<00:01, 27.44it/s, loss=1.0979]
Epoch 1/1:  57%|█████▋    | 64/113 [00:03<00:01, 27.44it/s, loss=1.2519]
Epoch 1/1:  57%|█████▋    | 64/113 [00:03<00:01, 27.44it/s, loss=1.3187]
Epoch 1/1:  59%|█████▉    | 67/113 [00:03<00:01, 27.62it/s, loss=1.3187]
Epoch 1/1:  59%|█████▉    | 67/113 [00:03<00:01, 27.62it/s, loss=1.3205]
Epoch 1/1:  59%|█████▉    | 67/113 [00:03<00:01, 27.62it/s, loss=1.2888]
Epoch 1/1:  59%|█████▉    | 67/113 [00:03<00:01, 27.62it/s, loss=1.2940]
Epoch 1/1:  62%|██████▏   | 70/113 [00:03<00:01, 27.68it/s, loss=1.2940]
Epoch 1/1:  62%|██████▏   | 70/113 [00:03<00:01, 27.68it/s, loss=1.2602]
Epoch 1/1:  62%|██████▏   | 70/113 [00:03<00:01, 27.68it/s, loss=1.2085]
Epoch 1/1:  62%|██████▏   | 70/113 [00:03<00:01, 27.68it/s, loss=1.0958]
Epoch 1/1:  65%|██████▍   | 73/113 [00:03<00:01, 27.80it/s, loss=1.0958]
Epoch 1/1:  65%|██████▍   | 73/113 [00:03<00:01, 27.80it/s, loss=1.1309]
Epoch 1/1:  65%|██████▍   | 73/113 [00:03<00:01, 27.80it/s, loss=1.2096]
Epoch 1/1:  65%|██████▍   | 73/113 [00:03<00:01, 27.80it/s, loss=1.2535]
Epoch 1/1:  67%|██████▋   | 76/113 [00:03<00:01, 27.14it/s, loss=1.2535]
Epoch 1/1:  67%|██████▋   | 76/113 [00:03<00:01, 27.14it/s, loss=1.1250]
Epoch 1/1:  67%|██████▋   | 76/113 [00:03<00:01, 27.14it/s, loss=1.3433]
Epoch 1/1:  67%|██████▋   | 76/113 [00:03<00:01, 27.14it/s, loss=1.3069]
Epoch 1/1:  70%|██████▉   | 79/113 [00:03<00:01, 26.72it/s, loss=1.3069]
Epoch 1/1:  70%|██████▉   | 79/113 [00:03<00:01, 26.72it/s, loss=1.2134]
Epoch 1/1:  70%|██████▉   | 79/113 [00:03<00:01, 26.72it/s, loss=1.1618]
Epoch 1/1:  70%|██████▉   | 79/113 [00:03<00:01, 26.72it/s, loss=1.0934]
Epoch 1/1:  73%|███████▎  | 82/113 [00:03<00:01, 26.63it/s, loss=1.0934]
Epoch 1/1:  73%|███████▎  | 82/113 [00:03<00:01, 26.63it/s, loss=1.2830]
Epoch 1/1:  73%|███████▎  | 82/113 [00:03<00:01, 26.63it/s, loss=1.3450]
Epoch 1/1:  73%|███████▎  | 82/113 [00:04<00:01, 26.63it/s, loss=1.1233]
Epoch 1/1:  75%|███████▌  | 85/113 [00:04<00:01, 25.90it/s, loss=1.1233]
Epoch 1/1:  75%|███████▌  | 85/113 [00:04<00:01, 25.90it/s, loss=1.1936]
Epoch 1/1:  75%|███████▌  | 85/113 [00:04<00:01, 25.90it/s, loss=1.2121]
Epoch 1/1:  75%|███████▌  | 85/113 [00:04<00:01, 25.90it/s, loss=1.0533]
Epoch 1/1:  78%|███████▊  | 88/113 [00:04<00:01, 21.80it/s, loss=1.0533]
Epoch 1/1:  78%|███████▊  | 88/113 [00:04<00:01, 21.80it/s, loss=1.0075]
Epoch 1/1:  78%|███████▊  | 88/113 [00:04<00:01, 21.80it/s, loss=1.2485]
Epoch 1/1:  78%|███████▊  | 88/113 [00:04<00:01, 21.80it/s, loss=1.2558]
Epoch 1/1:  81%|████████  | 91/113 [00:04<00:00, 23.37it/s, loss=1.2558]
Epoch 1/1:  81%|████████  | 91/113 [00:04<00:00, 23.37it/s, loss=1.2988]
Epoch 1/1:  81%|████████  | 91/113 [00:04<00:00, 23.37it/s, loss=1.1927]
Epoch 1/1:  81%|████████  | 91/113 [00:04<00:00, 23.37it/s, loss=1.2488]
Epoch 1/1:  83%|████████▎ | 94/113 [00:04<00:00, 24.60it/s, loss=1.2488]
Epoch 1/1:  83%|████████▎ | 94/113 [00:04<00:00, 24.60it/s, loss=0.9986]
Epoch 1/1:  83%|████████▎ | 94/113 [00:04<00:00, 24.60it/s, loss=1.1160]
Epoch 1/1:  83%|████████▎ | 94/113 [00:04<00:00, 24.60it/s, loss=1.0487]
Epoch 1/1:  86%|████████▌ | 97/113 [00:04<00:00, 25.48it/s, loss=1.0487]
Epoch 1/1:  86%|████████▌ | 97/113 [00:04<00:00, 25.48it/s, loss=0.9803]
Epoch 1/1:  86%|████████▌ | 97/113 [00:04<00:00, 25.48it/s, loss=1.0219]
Epoch 1/1:  86%|████████▌ | 97/113 [00:04<00:00, 25.48it/s, loss=1.2309]
Epoch 1/1:  88%|████████▊ | 100/113 [00:04<00:00, 26.14it/s, loss=1.2309]
Epoch 1/1:  88%|████████▊ | 100/113 [00:04<00:00, 26.14it/s, loss=1.1293]
Epoch 1/1:  88%|████████▊ | 100/113 [00:04<00:00, 26.14it/s, loss=1.3624]
Epoch 1/1:  88%|████████▊ | 100/113 [00:04<00:00, 26.14it/s, loss=1.3810]
Epoch 1/1:  91%|█████████ | 103/113 [00:04<00:00, 26.69it/s, loss=1.3810]
Epoch 1/1:  91%|█████████ | 103/113 [00:04<00:00, 26.69it/s, loss=1.1946]
Epoch 1/1:  91%|█████████ | 103/113 [00:04<00:00, 26.69it/s, loss=1.1563]
Epoch 1/1:  91%|█████████ | 103/113 [00:04<00:00, 26.69it/s, loss=1.2409]
Epoch 1/1:  94%|█████████▍| 106/113 [00:04<00:00, 27.10it/s, loss=1.2409]
Epoch 1/1:  94%|█████████▍| 106/113 [00:04<00:00, 27.10it/s, loss=1.0132]
Epoch 1/1:  94%|█████████▍| 106/113 [00:04<00:00, 27.10it/s, loss=1.1136]
Epoch 1/1:  94%|█████████▍| 106/113 [00:04<00:00, 27.10it/s, loss=1.0282]
Epoch 1/1:  96%|█████████▋| 109/113 [00:04<00:00, 27.35it/s, loss=1.0282]
Epoch 1/1:  96%|█████████▋| 109/113 [00:04<00:00, 27.35it/s, loss=1.0530]
Epoch 1/1:  96%|█████████▋| 109/113 [00:05<00:00, 27.35it/s, loss=1.0613]
Epoch 1/1:  96%|█████████▋| 109/113 [00:05<00:00, 27.35it/s, loss=1.0501]
Epoch 1/1:  99%|█████████▉| 112/113 [00:05<00:00, 27.51it/s, loss=1.0501]
Epoch 1/1:  99%|█████████▉| 112/113 [00:05<00:00, 27.51it/s, loss=1.0867]
Epoch 1/1: 100%|██████████| 113/113 [00:05<00:00, 21.83it/s, loss=1.0867]

Epoch 1
Train Loss: 1.2817
Val Loss:   1.2383
Val Dice:   0.3895
Val IoU:    0.2736

Saved new best model.

Loaded best model: results/baseline/best_model.pt

===== Test Results =====
Test Loss: 1.2123
Test Dice: 0.4305
Test IoU: 0.3047
